current directory: /Users/restaronesolutionsaiassistant/Documents/violet_rails/vendor/bundle/ruby/3.2.0/gems/bootsnap-1.23.0/ext/bootsnap
/Users/restaronesolutionsaiassistant/.rbenv/versions/3.2.0/bin/ruby -I /Users/restaronesolutionsaiassistant/.rbenv/versions/3.2.0/lib/ruby/3.2.0 extconf.rb
checking for fdatasync() in unistd.h... yes
checking for fstatat() in sys/stat.h... yes
checking for whether -D_GNU_SOURCE is accepted as CPPFLAGS... no
checking for whether -O3 is accepted as CFLAGS... no
checking for whether -std=c99 is accepted as CFLAGS... no
creating Makefile

current directory: /Users/restaronesolutionsaiassistant/Documents/violet_rails/vendor/bundle/ruby/3.2.0/gems/bootsnap-1.23.0/ext/bootsnap
make DESTDIR\= sitearchdir\=./.gem.20260408-47331-yccrkm sitelibdir\=./.gem.20260408-47331-yccrkm clean

current directory: /Users/restaronesolutionsaiassistant/Documents/violet_rails/vendor/bundle/ruby/3.2.0/gems/bootsnap-1.23.0/ext/bootsnap
make DESTDIR\= sitearchdir\=./.gem.20260408-47331-yccrkm sitelibdir\=./.gem.20260408-47331-yccrkm
compiling bootsnap.c
In file included from bootsnap.c:14:
In file included from /Users/restaronesolutionsaiassistant/.rbenv/versions/3.2.0/include/ruby-3.2.0/ruby.h:38:
In file included from /Users/restaronesolutionsaiassistant/.rbenv/versions/3.2.0/include/ruby-3.2.0/ruby/ruby.h:28:
In file included from /Users/restaronesolutionsaiassistant/.rbenv/versions/3.2.0/include/ruby-3.2.0/ruby/internal/arithmetic.h:24:
In file included from /Users/restaronesolutionsaiassistant/.rbenv/versions/3.2.0/include/ruby-3.2.0/ruby/internal/arithmetic/char.h:29:
/Users/restaronesolutionsaiassistant/.rbenv/versions/3.2.0/include/ruby-3.2.0/ruby/internal/core/rstring.h:465:24: warning: default initialization of an object of type 'struct RString' with const member leaves the object uninitialized [-Wdefault-const-init-field-unsafe]
  465 |         struct RString retval;
      |                        ^
/Users/restaronesolutionsaiassistant/.rbenv/versions/3.2.0/include/ruby-3.2.0/ruby/internal/core/rbasic.h:88:17: note: member 'klass' declared 'const' here
   88 |     const VALUE klass;
      |                 ^
1 warning generated.
linking shared-object bootsnap/bootsnap.bundle
ld: warning: ignoring duplicate libraries: '-lruby.3.2'

current directory: /Users/restaronesolutionsaiassistant/Documents/violet_rails/vendor/bundle/ruby/3.2.0/gems/bootsnap-1.23.0/ext/bootsnap
make DESTDIR\= sitearchdir\=./.gem.20260408-47331-yccrkm sitelibdir\=./.gem.20260408-47331-yccrkm install
/usr/bin/install -c -m 0755 bootsnap.bundle ./.gem.20260408-47331-yccrkm/bootsnap

current directory: /Users/restaronesolutionsaiassistant/Documents/violet_rails/vendor/bundle/ruby/3.2.0/gems/bootsnap-1.23.0/ext/bootsnap
make DESTDIR\= sitearchdir\=./.gem.20260408-47331-yccrkm sitelibdir\=./.gem.20260408-47331-yccrkm clean
