current directory: /Users/restaronesolutionsaiassistant/Documents/violet_rails/vendor/bundle/ruby/3.2.0/gems/io-console-0.8.2/ext/io/console
/Users/restaronesolutionsaiassistant/.rbenv/versions/3.2.0/bin/ruby -I /Users/restaronesolutionsaiassistant/.rbenv/versions/3.2.0/lib/ruby/3.2.0 extconf.rb
checking for rb_syserr_fail_str(0, Qnil)... yes
checking for rb_interned_str_cstr()... yes
checking for rb_io_path() in ruby/io.h... no
checking for rb_io_descriptor() in ruby/io.h... yes
checking for rb_io_get_write_io() in ruby/io.h... yes
checking for rb_io_closed_p() in ruby/io.h... no
checking for rb_io_open_descriptor() in ruby/io.h... no
checking for rb_ractor_local_storage_value_newkey()... yes
checking for termios.h... yes
checking for cfmakeraw() in termios.h... yes
checking for sys/ioctl.h... yes
checking for HAVE_RUBY_FIBER_SCHEDULER_H... yes
checking for ttyname_r()... yes
creating Makefile

current directory: /Users/restaronesolutionsaiassistant/Documents/violet_rails/vendor/bundle/ruby/3.2.0/gems/io-console-0.8.2/ext/io/console
make DESTDIR\= sitearchdir\=./.gem.20260408-47331-o1s11b sitelibdir\=./.gem.20260408-47331-o1s11b clean

current directory: /Users/restaronesolutionsaiassistant/Documents/violet_rails/vendor/bundle/ruby/3.2.0/gems/io-console-0.8.2/ext/io/console
make DESTDIR\= sitearchdir\=./.gem.20260408-47331-o1s11b sitelibdir\=./.gem.20260408-47331-o1s11b
compiling console.c
In file included from console.c:9:
In file included from /Users/restaronesolutionsaiassistant/.rbenv/versions/3.2.0/include/ruby-3.2.0/ruby.h:38:
In file included from /Users/restaronesolutionsaiassistant/.rbenv/versions/3.2.0/include/ruby-3.2.0/ruby/ruby.h:28:
In file included from /Users/restaronesolutionsaiassistant/.rbenv/versions/3.2.0/include/ruby-3.2.0/ruby/internal/arithmetic.h:24:
In file included from /Users/restaronesolutionsaiassistant/.rbenv/versions/3.2.0/include/ruby-3.2.0/ruby/internal/arithmetic/char.h:29:
/Users/restaronesolutionsaiassistant/.rbenv/versions/3.2.0/include/ruby-3.2.0/ruby/internal/core/rstring.h:465:24: warning: default initialization of an object of type 'struct RString' with const member leaves the object uninitialized [-Wdefault-const-init-field-unsafe]
  465 |         struct RString retval;
      |                        ^
/Users/restaronesolutionsaiassistant/.rbenv/versions/3.2.0/include/ruby-3.2.0/ruby/internal/core/rbasic.h:88:17: note: member 'klass' declared 'const' here
   88 |     const VALUE klass;
      |                 ^
1 warning generated.
linking shared-object io/console.bundle
ld: warning: ignoring duplicate libraries: '-lruby.3.2'

current directory: /Users/restaronesolutionsaiassistant/Documents/violet_rails/vendor/bundle/ruby/3.2.0/gems/io-console-0.8.2/ext/io/console
make DESTDIR\= sitearchdir\=./.gem.20260408-47331-o1s11b sitelibdir\=./.gem.20260408-47331-o1s11b install
/usr/bin/install -c -m 0755 console.bundle ./.gem.20260408-47331-o1s11b/io

current directory: /Users/restaronesolutionsaiassistant/Documents/violet_rails/vendor/bundle/ruby/3.2.0/gems/io-console-0.8.2/ext/io/console
make DESTDIR\= sitearchdir\=./.gem.20260408-47331-o1s11b sitelibdir\=./.gem.20260408-47331-o1s11b clean
