current directory: /Users/restaronesolutionsaiassistant/Documents/violet_rails/vendor/bundle/ruby/3.2.0/gems/racc-1.8.1/ext/racc/cparse
/Users/restaronesolutionsaiassistant/.rbenv/versions/3.2.0/bin/ruby -I /Users/restaronesolutionsaiassistant/.rbenv/versions/3.2.0/lib/ruby/3.2.0 extconf.rb
creating Makefile

current directory: /Users/restaronesolutionsaiassistant/Documents/violet_rails/vendor/bundle/ruby/3.2.0/gems/racc-1.8.1/ext/racc/cparse
make DESTDIR\= sitearchdir\=./.gem.20260408-47331-ufwcgv sitelibdir\=./.gem.20260408-47331-ufwcgv clean

current directory: /Users/restaronesolutionsaiassistant/Documents/violet_rails/vendor/bundle/ruby/3.2.0/gems/racc-1.8.1/ext/racc/cparse
make DESTDIR\= sitearchdir\=./.gem.20260408-47331-ufwcgv sitelibdir\=./.gem.20260408-47331-ufwcgv
compiling cparse.c
In file included from cparse.c:12:
In file included from /Users/restaronesolutionsaiassistant/.rbenv/versions/3.2.0/include/ruby-3.2.0/ruby.h:38:
In file included from /Users/restaronesolutionsaiassistant/.rbenv/versions/3.2.0/include/ruby-3.2.0/ruby/ruby.h:28:
In file included from /Users/restaronesolutionsaiassistant/.rbenv/versions/3.2.0/include/ruby-3.2.0/ruby/internal/arithmetic.h:24:
In file included from /Users/restaronesolutionsaiassistant/.rbenv/versions/3.2.0/include/ruby-3.2.0/ruby/internal/arithmetic/char.h:29:
/Users/restaronesolutionsaiassistant/.rbenv/versions/3.2.0/include/ruby-3.2.0/ruby/internal/core/rstring.h:465:24: warning: default initialization of an object of type 'struct RString' with const member leaves the object uninitialized [-Wdefault-const-init-field-unsafe]
  465 |         struct RString retval;
      |                        ^
/Users/restaronesolutionsaiassistant/.rbenv/versions/3.2.0/include/ruby-3.2.0/ruby/internal/core/rbasic.h:88:17: note: member 'klass' declared 'const' here
   88 |     const VALUE klass;
      |                 ^
1 warning generated.
linking shared-object racc/cparse.bundle
ld: warning: ignoring duplicate libraries: '-lruby.3.2'

current directory: /Users/restaronesolutionsaiassistant/Documents/violet_rails/vendor/bundle/ruby/3.2.0/gems/racc-1.8.1/ext/racc/cparse
make DESTDIR\= sitearchdir\=./.gem.20260408-47331-ufwcgv sitelibdir\=./.gem.20260408-47331-ufwcgv install
/usr/bin/install -c -m 0755 cparse.bundle ./.gem.20260408-47331-ufwcgv/racc

current directory: /Users/restaronesolutionsaiassistant/Documents/violet_rails/vendor/bundle/ruby/3.2.0/gems/racc-1.8.1/ext/racc/cparse
make DESTDIR\= sitearchdir\=./.gem.20260408-47331-ufwcgv sitelibdir\=./.gem.20260408-47331-ufwcgv clean
