current directory: /Users/restaronesolutionsaiassistant/Documents/violet_rails/vendor/bundle/ruby/3.2.0/gems/date-3.5.1/ext/date
/Users/restaronesolutionsaiassistant/.rbenv/versions/3.2.0/bin/ruby -I /Users/restaronesolutionsaiassistant/.rbenv/versions/3.2.0/lib/ruby/3.2.0 extconf.rb
checking for rb_category_warn()... yes
checking for timezone in time.h with  -Werror... no
checking for altzone in time.h with  -Werror... no
creating Makefile

current directory: /Users/restaronesolutionsaiassistant/Documents/violet_rails/vendor/bundle/ruby/3.2.0/gems/date-3.5.1/ext/date
make DESTDIR\= sitearchdir\=./.gem.20260408-47331-3pkdo8 sitelibdir\=./.gem.20260408-47331-3pkdo8 clean

current directory: /Users/restaronesolutionsaiassistant/Documents/violet_rails/vendor/bundle/ruby/3.2.0/gems/date-3.5.1/ext/date
make DESTDIR\= sitearchdir\=./.gem.20260408-47331-3pkdo8 sitelibdir\=./.gem.20260408-47331-3pkdo8
compiling date_core.c
In file included from date_core.c:5:
In file included from /Users/restaronesolutionsaiassistant/.rbenv/versions/3.2.0/include/ruby-3.2.0/ruby.h:38:
In file included from /Users/restaronesolutionsaiassistant/.rbenv/versions/3.2.0/include/ruby-3.2.0/ruby/ruby.h:28:
In file included from /Users/restaronesolutionsaiassistant/.rbenv/versions/3.2.0/include/ruby-3.2.0/ruby/internal/arithmetic.h:24:
In file included from /Users/restaronesolutionsaiassistant/.rbenv/versions/3.2.0/include/ruby-3.2.0/ruby/internal/arithmetic/char.h:29:
/Users/restaronesolutionsaiassistant/.rbenv/versions/3.2.0/include/ruby-3.2.0/ruby/internal/core/rstring.h:465:24: warning: default initialization of an object of type 'struct RString' with const member leaves the object uninitialized [-Wdefault-const-init-field-unsafe]
  465 |         struct RString retval;
      |                        ^
/Users/restaronesolutionsaiassistant/.rbenv/versions/3.2.0/include/ruby-3.2.0/ruby/internal/core/rbasic.h:88:17: note: member 'klass' declared 'const' here
   88 |     const VALUE klass;
      |                 ^
1 warning generated.
compiling date_parse.c
In file included from date_parse.c:5:
In file included from /Users/restaronesolutionsaiassistant/.rbenv/versions/3.2.0/include/ruby-3.2.0/ruby.h:38:
In file included from /Users/restaronesolutionsaiassistant/.rbenv/versions/3.2.0/include/ruby-3.2.0/ruby/ruby.h:28:
In file included from /Users/restaronesolutionsaiassistant/.rbenv/versions/3.2.0/include/ruby-3.2.0/ruby/internal/arithmetic.h:24:
In file included from /Users/restaronesolutionsaiassistant/.rbenv/versions/3.2.0/include/ruby-3.2.0/ruby/internal/arithmetic/char.h:29:
/Users/restaronesolutionsaiassistant/.rbenv/versions/3.2.0/include/ruby-3.2.0/ruby/internal/core/rstring.h:465:24: warning: default initialization of an object of type 'struct RString' with const member leaves the object uninitialized [-Wdefault-const-init-field-unsafe]
  465 |         struct RString retval;
      |                        ^
/Users/restaronesolutionsaiassistant/.rbenv/versions/3.2.0/include/ruby-3.2.0/ruby/internal/core/rbasic.h:88:17: note: member 'klass' declared 'const' here
   88 |     const VALUE klass;
      |                 ^
1 warning generated.
compiling date_strftime.c
In file included from date_strftime.c:7:
In file included from /Users/restaronesolutionsaiassistant/.rbenv/versions/3.2.0/include/ruby-3.2.0/ruby/ruby.h:28:
In file included from /Users/restaronesolutionsaiassistant/.rbenv/versions/3.2.0/include/ruby-3.2.0/ruby/internal/arithmetic.h:24:
In file included from /Users/restaronesolutionsaiassistant/.rbenv/versions/3.2.0/include/ruby-3.2.0/ruby/internal/arithmetic/char.h:29:
/Users/restaronesolutionsaiassistant/.rbenv/versions/3.2.0/include/ruby-3.2.0/ruby/internal/core/rstring.h:465:24: warning: default initialization of an object of type 'struct RString' with const member leaves the object uninitialized [-Wdefault-const-init-field-unsafe]
  465 |         struct RString retval;
      |                        ^
/Users/restaronesolutionsaiassistant/.rbenv/versions/3.2.0/include/ruby-3.2.0/ruby/internal/core/rbasic.h:88:17: note: member 'klass' declared 'const' here
   88 |     const VALUE klass;
      |                 ^
1 warning generated.
compiling date_strptime.c
In file included from date_strptime.c:5:
In file included from /Users/restaronesolutionsaiassistant/.rbenv/versions/3.2.0/include/ruby-3.2.0/ruby.h:38:
In file included from /Users/restaronesolutionsaiassistant/.rbenv/versions/3.2.0/include/ruby-3.2.0/ruby/ruby.h:28:
In file included from /Users/restaronesolutionsaiassistant/.rbenv/versions/3.2.0/include/ruby-3.2.0/ruby/internal/arithmetic.h:24:
In file included from /Users/restaronesolutionsaiassistant/.rbenv/versions/3.2.0/include/ruby-3.2.0/ruby/internal/arithmetic/char.h:29:
/Users/restaronesolutionsaiassistant/.rbenv/versions/3.2.0/include/ruby-3.2.0/ruby/internal/core/rstring.h:465:24: warning: default initialization of an object of type 'struct RString' with const member leaves the object uninitialized [-Wdefault-const-init-field-unsafe]
  465 |         struct RString retval;
      |                        ^
/Users/restaronesolutionsaiassistant/.rbenv/versions/3.2.0/include/ruby-3.2.0/ruby/internal/core/rbasic.h:88:17: note: member 'klass' declared 'const' here
   88 |     const VALUE klass;
      |                 ^
1 warning generated.
linking shared-object date_core.bundle
ld: warning: ignoring duplicate libraries: '-lruby.3.2'

current directory: /Users/restaronesolutionsaiassistant/Documents/violet_rails/vendor/bundle/ruby/3.2.0/gems/date-3.5.1/ext/date
make DESTDIR\= sitearchdir\=./.gem.20260408-47331-3pkdo8 sitelibdir\=./.gem.20260408-47331-3pkdo8 install
/usr/bin/install -c -m 0755 date_core.bundle ./.gem.20260408-47331-3pkdo8

current directory: /Users/restaronesolutionsaiassistant/Documents/violet_rails/vendor/bundle/ruby/3.2.0/gems/date-3.5.1/ext/date
make DESTDIR\= sitearchdir\=./.gem.20260408-47331-3pkdo8 sitelibdir\=./.gem.20260408-47331-3pkdo8 clean
