find_executable: checking for pg_config... -------------------- yes

--------------------

"xcrun clang -o conftest -I/Library/Developer/CommandLineTools/SDKs/MacOSX.sdk/System/Library/Frameworks/Ruby.framework/Versions/2.6/usr/include/ruby-2.6.0/universal-darwin25 -I/Library/Developer/CommandLineTools/SDKs/MacOSX.sdk/System/Library/Frameworks/Ruby.framework/Versions/2.6/usr/include/ruby-2.6.0/ruby/backward -I/Library/Developer/CommandLineTools/SDKs/MacOSX.sdk/System/Library/Frameworks/Ruby.framework/Versions/2.6/usr/include/ruby-2.6.0 -I. -I/opt/homebrew/include/postgresql@18 -D_XOPEN_SOURCE -D_DARWIN_C_SOURCE -D_DARWIN_UNLIMITED_SELECT -D_REENTRANT    -g -Os -pipe -DHAVE_GCC_ATOMIC_BUILTINS -fno-typed-memory-operations -fno-typed-cxx-new-delete -DUSE_FFI_CLOSURE_ALLOC conftest.c  -L. -L/System/Library/Frameworks/Ruby.framework/Versions/2.6/usr/lib -L/opt/homebrew/lib/postgresql@18 -L. -L/AppleInternal/Library/BuildRoots/4~CB3uugBQxypsiyQCrI82QcTPBCns7_J7YMudMGY/Applications/Xcode.app/Contents/Developer/Platforms/MacOSX.platform/Developer/SDKs/MacOSX26.2.Internal.sdk/usr/local/lib     -lruby.2.6   "
ld: warning: search path '/AppleInternal/Library/BuildRoots/4~CB3uugBQxypsiyQCrI82QcTPBCns7_J7YMudMGY/Applications/Xcode.app/Contents/Developer/Platforms/MacOSX.platform/Developer/SDKs/MacOSX26.2.Internal.sdk/usr/local/lib' not found
checked program was:
/* begin */
1: #include "ruby.h"
2: 
3: int main(int argc, char **argv)
4: {
5:   return 0;
6: }
/* end */

"xcrun clang -o conftest -I/Library/Developer/CommandLineTools/SDKs/MacOSX.sdk/System/Library/Frameworks/Ruby.framework/Versions/2.6/usr/include/ruby-2.6.0/universal-darwin25 -I/Library/Developer/CommandLineTools/SDKs/MacOSX.sdk/System/Library/Frameworks/Ruby.framework/Versions/2.6/usr/include/ruby-2.6.0/ruby/backward -I/Library/Developer/CommandLineTools/SDKs/MacOSX.sdk/System/Library/Frameworks/Ruby.framework/Versions/2.6/usr/include/ruby-2.6.0 -I. -I/opt/homebrew/include/postgresql@18 -D_XOPEN_SOURCE -D_DARWIN_C_SOURCE -D_DARWIN_UNLIMITED_SELECT -D_REENTRANT    -g -Os -pipe -DHAVE_GCC_ATOMIC_BUILTINS -fno-typed-memory-operations -fno-typed-cxx-new-delete -DUSE_FFI_CLOSURE_ALLOC conftest.c  -L. -L/System/Library/Frameworks/Ruby.framework/Versions/2.6/usr/lib -L/opt/homebrew/lib/postgresql@18 -L. -L/AppleInternal/Library/BuildRoots/4~CB3uugBQxypsiyQCrI82QcTPBCns7_J7YMudMGY/Applications/Xcode.app/Contents/Developer/Platforms/MacOSX.platform/Developer/SDKs/MacOSX26.2.Internal.sdk/usr/local/lib     -lruby.2.6  -Wl,-rpath,/opt/homebrew/lib/postgresql@18  "
ld: warning: search path '/AppleInternal/Library/BuildRoots/4~CB3uugBQxypsiyQCrI82QcTPBCns7_J7YMudMGY/Applications/Xcode.app/Contents/Developer/Platforms/MacOSX.platform/Developer/SDKs/MacOSX26.2.Internal.sdk/usr/local/lib' not found
checked program was:
/* begin */
1: #include "ruby.h"
2: 
3: int main() {return 0;}
/* end */

find_header: checking for libpq-fe.h... -------------------- yes

"xcrun clang -I/Library/Developer/CommandLineTools/SDKs/MacOSX.sdk/System/Library/Frameworks/Ruby.framework/Versions/2.6/usr/include/ruby-2.6.0/universal-darwin25 -I/Library/Developer/CommandLineTools/SDKs/MacOSX.sdk/System/Library/Frameworks/Ruby.framework/Versions/2.6/usr/include/ruby-2.6.0/ruby/backward -I/Library/Developer/CommandLineTools/SDKs/MacOSX.sdk/System/Library/Frameworks/Ruby.framework/Versions/2.6/usr/include/ruby-2.6.0 -I. -I/opt/homebrew/include/postgresql@18 -D_XOPEN_SOURCE -D_DARWIN_C_SOURCE -D_DARWIN_UNLIMITED_SELECT -D_REENTRANT    -g -Os -pipe -DHAVE_GCC_ATOMIC_BUILTINS -fno-typed-memory-operations -fno-typed-cxx-new-delete -DUSE_FFI_CLOSURE_ALLOC   -c conftest.c"
checked program was:
/* begin */
1: #include "ruby.h"
2: 
3: #include <libpq-fe.h>
/* end */

--------------------

find_header: checking for libpq/libpq-fs.h... -------------------- yes

"xcrun clang -I/Library/Developer/CommandLineTools/SDKs/MacOSX.sdk/System/Library/Frameworks/Ruby.framework/Versions/2.6/usr/include/ruby-2.6.0/universal-darwin25 -I/Library/Developer/CommandLineTools/SDKs/MacOSX.sdk/System/Library/Frameworks/Ruby.framework/Versions/2.6/usr/include/ruby-2.6.0/ruby/backward -I/Library/Developer/CommandLineTools/SDKs/MacOSX.sdk/System/Library/Frameworks/Ruby.framework/Versions/2.6/usr/include/ruby-2.6.0 -I. -I/opt/homebrew/include/postgresql@18 -D_XOPEN_SOURCE -D_DARWIN_C_SOURCE -D_DARWIN_UNLIMITED_SELECT -D_REENTRANT    -g -Os -pipe -DHAVE_GCC_ATOMIC_BUILTINS -fno-typed-memory-operations -fno-typed-cxx-new-delete -DUSE_FFI_CLOSURE_ALLOC   -c conftest.c"
checked program was:
/* begin */
1: #include "ruby.h"
2: 
3: #include <libpq/libpq-fs.h>
/* end */

--------------------

find_header: checking for pg_config_manual.h... -------------------- yes

"xcrun clang -I/Library/Developer/CommandLineTools/SDKs/MacOSX.sdk/System/Library/Frameworks/Ruby.framework/Versions/2.6/usr/include/ruby-2.6.0/universal-darwin25 -I/Library/Developer/CommandLineTools/SDKs/MacOSX.sdk/System/Library/Frameworks/Ruby.framework/Versions/2.6/usr/include/ruby-2.6.0/ruby/backward -I/Library/Developer/CommandLineTools/SDKs/MacOSX.sdk/System/Library/Frameworks/Ruby.framework/Versions/2.6/usr/include/ruby-2.6.0 -I. -I/opt/homebrew/include/postgresql@18 -D_XOPEN_SOURCE -D_DARWIN_C_SOURCE -D_DARWIN_UNLIMITED_SELECT -D_REENTRANT    -g -Os -pipe -DHAVE_GCC_ATOMIC_BUILTINS -fno-typed-memory-operations -fno-typed-cxx-new-delete -DUSE_FFI_CLOSURE_ALLOC   -c conftest.c"
checked program was:
/* begin */
1: #include "ruby.h"
2: 
3: #include <pg_config_manual.h>
/* end */

--------------------

have_library: checking for PQconnectdb() in -lpq... -------------------- yes

"xcrun clang -o conftest -I/Library/Developer/CommandLineTools/SDKs/MacOSX.sdk/System/Library/Frameworks/Ruby.framework/Versions/2.6/usr/include/ruby-2.6.0/universal-darwin25 -I/Library/Developer/CommandLineTools/SDKs/MacOSX.sdk/System/Library/Frameworks/Ruby.framework/Versions/2.6/usr/include/ruby-2.6.0/ruby/backward -I/Library/Developer/CommandLineTools/SDKs/MacOSX.sdk/System/Library/Frameworks/Ruby.framework/Versions/2.6/usr/include/ruby-2.6.0 -I. -I/opt/homebrew/include/postgresql@18 -D_XOPEN_SOURCE -D_DARWIN_C_SOURCE -D_DARWIN_UNLIMITED_SELECT -D_REENTRANT    -g -Os -pipe -DHAVE_GCC_ATOMIC_BUILTINS -fno-typed-memory-operations -fno-typed-cxx-new-delete -DUSE_FFI_CLOSURE_ALLOC conftest.c  -L. -L/System/Library/Frameworks/Ruby.framework/Versions/2.6/usr/lib -L/opt/homebrew/lib/postgresql@18 -L. -L/AppleInternal/Library/BuildRoots/4~CB3uugBQxypsiyQCrI82QcTPBCns7_J7YMudMGY/Applications/Xcode.app/Contents/Developer/Platforms/MacOSX.platform/Developer/SDKs/MacOSX26.2.Internal.sdk/usr/local/lib -Wl,-rpath,/opt/homebrew/lib/postgresql@18     -lruby.2.6 -lpq   "
ld: warning: search path '/AppleInternal/Library/BuildRoots/4~CB3uugBQxypsiyQCrI82QcTPBCns7_J7YMudMGY/Applications/Xcode.app/Contents/Developer/Platforms/MacOSX.platform/Developer/SDKs/MacOSX26.2.Internal.sdk/usr/local/lib' not found
checked program was:
/* begin */
 1: #include "ruby.h"
 2: 
 3: #include <libpq-fe.h>
 4: 
 5: /*top*/
 6: extern int t(void);
 7: int main(int argc, char **argv)
 8: {
 9:   if (argc > 1000000) {
10:     int (* volatile tp)(void)=(int (*)(void))&t;
11:     printf("%d", (*tp)());
12:   }
13: 
14:   return 0;
15: }
16: int t(void) { void ((*volatile p)()); p = (void ((*)()))PQconnectdb; return !p; }
/* end */

--------------------

have_func: checking for PQsetSingleRowMode()... -------------------- yes

"xcrun clang -o conftest -I/Library/Developer/CommandLineTools/SDKs/MacOSX.sdk/System/Library/Frameworks/Ruby.framework/Versions/2.6/usr/include/ruby-2.6.0/universal-darwin25 -I/Library/Developer/CommandLineTools/SDKs/MacOSX.sdk/System/Library/Frameworks/Ruby.framework/Versions/2.6/usr/include/ruby-2.6.0/ruby/backward -I/Library/Developer/CommandLineTools/SDKs/MacOSX.sdk/System/Library/Frameworks/Ruby.framework/Versions/2.6/usr/include/ruby-2.6.0 -I. -I/opt/homebrew/include/postgresql@18 -D_XOPEN_SOURCE -D_DARWIN_C_SOURCE -D_DARWIN_UNLIMITED_SELECT -D_REENTRANT    -g -Os -pipe -DHAVE_GCC_ATOMIC_BUILTINS -fno-typed-memory-operations -fno-typed-cxx-new-delete -DUSE_FFI_CLOSURE_ALLOC conftest.c  -L. -L/System/Library/Frameworks/Ruby.framework/Versions/2.6/usr/lib -L/opt/homebrew/lib/postgresql@18 -L. -L/AppleInternal/Library/BuildRoots/4~CB3uugBQxypsiyQCrI82QcTPBCns7_J7YMudMGY/Applications/Xcode.app/Contents/Developer/Platforms/MacOSX.platform/Developer/SDKs/MacOSX26.2.Internal.sdk/usr/local/lib -Wl,-rpath,/opt/homebrew/lib/postgresql@18    -lpq  -lruby.2.6 -lpq   "
conftest.c:14:57: error: use of undeclared identifier 'PQsetSingleRowMode'
   14 | int t(void) { void ((*volatile p)()); p = (void ((*)()))PQsetSingleRowMode; return !p; }
      |                                                         ^~~~~~~~~~~~~~~~~~
1 error generated.
checked program was:
/* begin */
 1: #include "ruby.h"
 2: 
 3: /*top*/
 4: extern int t(void);
 5: int main(int argc, char **argv)
 6: {
 7:   if (argc > 1000000) {
 8:     int (* volatile tp)(void)=(int (*)(void))&t;
 9:     printf("%d", (*tp)());
10:   }
11: 
12:   return 0;
13: }
14: int t(void) { void ((*volatile p)()); p = (void ((*)()))PQsetSingleRowMode; return !p; }
/* end */

"xcrun clang -o conftest -I/Library/Developer/CommandLineTools/SDKs/MacOSX.sdk/System/Library/Frameworks/Ruby.framework/Versions/2.6/usr/include/ruby-2.6.0/universal-darwin25 -I/Library/Developer/CommandLineTools/SDKs/MacOSX.sdk/System/Library/Frameworks/Ruby.framework/Versions/2.6/usr/include/ruby-2.6.0/ruby/backward -I/Library/Developer/CommandLineTools/SDKs/MacOSX.sdk/System/Library/Frameworks/Ruby.framework/Versions/2.6/usr/include/ruby-2.6.0 -I. -I/opt/homebrew/include/postgresql@18 -D_XOPEN_SOURCE -D_DARWIN_C_SOURCE -D_DARWIN_UNLIMITED_SELECT -D_REENTRANT    -g -Os -pipe -DHAVE_GCC_ATOMIC_BUILTINS -fno-typed-memory-operations -fno-typed-cxx-new-delete -DUSE_FFI_CLOSURE_ALLOC conftest.c  -L. -L/System/Library/Frameworks/Ruby.framework/Versions/2.6/usr/lib -L/opt/homebrew/lib/postgresql@18 -L. -L/AppleInternal/Library/BuildRoots/4~CB3uugBQxypsiyQCrI82QcTPBCns7_J7YMudMGY/Applications/Xcode.app/Contents/Developer/Platforms/MacOSX.platform/Developer/SDKs/MacOSX26.2.Internal.sdk/usr/local/lib -Wl,-rpath,/opt/homebrew/lib/postgresql@18    -lpq  -lruby.2.6 -lpq   "
ld: warning: ignoring duplicate libraries: '-lpq'
ld: warning: search path '/AppleInternal/Library/BuildRoots/4~CB3uugBQxypsiyQCrI82QcTPBCns7_J7YMudMGY/Applications/Xcode.app/Contents/Developer/Platforms/MacOSX.platform/Developer/SDKs/MacOSX26.2.Internal.sdk/usr/local/lib' not found
checked program was:
/* begin */
 1: #include "ruby.h"
 2: 
 3: /*top*/
 4: extern int t(void);
 5: int main(int argc, char **argv)
 6: {
 7:   if (argc > 1000000) {
 8:     int (* volatile tp)(void)=(int (*)(void))&t;
 9:     printf("%d", (*tp)());
10:   }
11: 
12:   return 0;
13: }
14: extern void PQsetSingleRowMode();
15: int t(void) { PQsetSingleRowMode(); return 0; }
/* end */

--------------------

have_func: checking for PQconninfo()... -------------------- yes

"xcrun clang -o conftest -I/Library/Developer/CommandLineTools/SDKs/MacOSX.sdk/System/Library/Frameworks/Ruby.framework/Versions/2.6/usr/include/ruby-2.6.0/universal-darwin25 -I/Library/Developer/CommandLineTools/SDKs/MacOSX.sdk/System/Library/Frameworks/Ruby.framework/Versions/2.6/usr/include/ruby-2.6.0/ruby/backward -I/Library/Developer/CommandLineTools/SDKs/MacOSX.sdk/System/Library/Frameworks/Ruby.framework/Versions/2.6/usr/include/ruby-2.6.0 -I. -I/opt/homebrew/include/postgresql@18 -D_XOPEN_SOURCE -D_DARWIN_C_SOURCE -D_DARWIN_UNLIMITED_SELECT -D_REENTRANT    -g -Os -pipe -DHAVE_GCC_ATOMIC_BUILTINS -fno-typed-memory-operations -fno-typed-cxx-new-delete -DUSE_FFI_CLOSURE_ALLOC conftest.c  -L. -L/System/Library/Frameworks/Ruby.framework/Versions/2.6/usr/lib -L/opt/homebrew/lib/postgresql@18 -L. -L/AppleInternal/Library/BuildRoots/4~CB3uugBQxypsiyQCrI82QcTPBCns7_J7YMudMGY/Applications/Xcode.app/Contents/Developer/Platforms/MacOSX.platform/Developer/SDKs/MacOSX26.2.Internal.sdk/usr/local/lib -Wl,-rpath,/opt/homebrew/lib/postgresql@18    -lpq  -lruby.2.6 -lpq   "
conftest.c:14:57: error: use of undeclared identifier 'PQconninfo'
   14 | int t(void) { void ((*volatile p)()); p = (void ((*)()))PQconninfo; return !p; }
      |                                                         ^~~~~~~~~~
1 error generated.
checked program was:
/* begin */
 1: #include "ruby.h"
 2: 
 3: /*top*/
 4: extern int t(void);
 5: int main(int argc, char **argv)
 6: {
 7:   if (argc > 1000000) {
 8:     int (* volatile tp)(void)=(int (*)(void))&t;
 9:     printf("%d", (*tp)());
10:   }
11: 
12:   return 0;
13: }
14: int t(void) { void ((*volatile p)()); p = (void ((*)()))PQconninfo; return !p; }
/* end */

"xcrun clang -o conftest -I/Library/Developer/CommandLineTools/SDKs/MacOSX.sdk/System/Library/Frameworks/Ruby.framework/Versions/2.6/usr/include/ruby-2.6.0/universal-darwin25 -I/Library/Developer/CommandLineTools/SDKs/MacOSX.sdk/System/Library/Frameworks/Ruby.framework/Versions/2.6/usr/include/ruby-2.6.0/ruby/backward -I/Library/Developer/CommandLineTools/SDKs/MacOSX.sdk/System/Library/Frameworks/Ruby.framework/Versions/2.6/usr/include/ruby-2.6.0 -I. -I/opt/homebrew/include/postgresql@18 -D_XOPEN_SOURCE -D_DARWIN_C_SOURCE -D_DARWIN_UNLIMITED_SELECT -D_REENTRANT    -g -Os -pipe -DHAVE_GCC_ATOMIC_BUILTINS -fno-typed-memory-operations -fno-typed-cxx-new-delete -DUSE_FFI_CLOSURE_ALLOC conftest.c  -L. -L/System/Library/Frameworks/Ruby.framework/Versions/2.6/usr/lib -L/opt/homebrew/lib/postgresql@18 -L. -L/AppleInternal/Library/BuildRoots/4~CB3uugBQxypsiyQCrI82QcTPBCns7_J7YMudMGY/Applications/Xcode.app/Contents/Developer/Platforms/MacOSX.platform/Developer/SDKs/MacOSX26.2.Internal.sdk/usr/local/lib -Wl,-rpath,/opt/homebrew/lib/postgresql@18    -lpq  -lruby.2.6 -lpq   "
ld: warning: ignoring duplicate libraries: '-lpq'
ld: warning: search path '/AppleInternal/Library/BuildRoots/4~CB3uugBQxypsiyQCrI82QcTPBCns7_J7YMudMGY/Applications/Xcode.app/Contents/Developer/Platforms/MacOSX.platform/Developer/SDKs/MacOSX26.2.Internal.sdk/usr/local/lib' not found
checked program was:
/* begin */
 1: #include "ruby.h"
 2: 
 3: /*top*/
 4: extern int t(void);
 5: int main(int argc, char **argv)
 6: {
 7:   if (argc > 1000000) {
 8:     int (* volatile tp)(void)=(int (*)(void))&t;
 9:     printf("%d", (*tp)());
10:   }
11: 
12:   return 0;
13: }
14: extern void PQconninfo();
15: int t(void) { PQconninfo(); return 0; }
/* end */

--------------------

have_func: checking for PQsslAttribute()... -------------------- yes

"xcrun clang -o conftest -I/Library/Developer/CommandLineTools/SDKs/MacOSX.sdk/System/Library/Frameworks/Ruby.framework/Versions/2.6/usr/include/ruby-2.6.0/universal-darwin25 -I/Library/Developer/CommandLineTools/SDKs/MacOSX.sdk/System/Library/Frameworks/Ruby.framework/Versions/2.6/usr/include/ruby-2.6.0/ruby/backward -I/Library/Developer/CommandLineTools/SDKs/MacOSX.sdk/System/Library/Frameworks/Ruby.framework/Versions/2.6/usr/include/ruby-2.6.0 -I. -I/opt/homebrew/include/postgresql@18 -D_XOPEN_SOURCE -D_DARWIN_C_SOURCE -D_DARWIN_UNLIMITED_SELECT -D_REENTRANT    -g -Os -pipe -DHAVE_GCC_ATOMIC_BUILTINS -fno-typed-memory-operations -fno-typed-cxx-new-delete -DUSE_FFI_CLOSURE_ALLOC conftest.c  -L. -L/System/Library/Frameworks/Ruby.framework/Versions/2.6/usr/lib -L/opt/homebrew/lib/postgresql@18 -L. -L/AppleInternal/Library/BuildRoots/4~CB3uugBQxypsiyQCrI82QcTPBCns7_J7YMudMGY/Applications/Xcode.app/Contents/Developer/Platforms/MacOSX.platform/Developer/SDKs/MacOSX26.2.Internal.sdk/usr/local/lib -Wl,-rpath,/opt/homebrew/lib/postgresql@18    -lpq  -lruby.2.6 -lpq   "
conftest.c:14:57: error: use of undeclared identifier 'PQsslAttribute'
   14 | int t(void) { void ((*volatile p)()); p = (void ((*)()))PQsslAttribute; return !p; }
      |                                                         ^~~~~~~~~~~~~~
1 error generated.
checked program was:
/* begin */
 1: #include "ruby.h"
 2: 
 3: /*top*/
 4: extern int t(void);
 5: int main(int argc, char **argv)
 6: {
 7:   if (argc > 1000000) {
 8:     int (* volatile tp)(void)=(int (*)(void))&t;
 9:     printf("%d", (*tp)());
10:   }
11: 
12:   return 0;
13: }
14: int t(void) { void ((*volatile p)()); p = (void ((*)()))PQsslAttribute; return !p; }
/* end */

"xcrun clang -o conftest -I/Library/Developer/CommandLineTools/SDKs/MacOSX.sdk/System/Library/Frameworks/Ruby.framework/Versions/2.6/usr/include/ruby-2.6.0/universal-darwin25 -I/Library/Developer/CommandLineTools/SDKs/MacOSX.sdk/System/Library/Frameworks/Ruby.framework/Versions/2.6/usr/include/ruby-2.6.0/ruby/backward -I/Library/Developer/CommandLineTools/SDKs/MacOSX.sdk/System/Library/Frameworks/Ruby.framework/Versions/2.6/usr/include/ruby-2.6.0 -I. -I/opt/homebrew/include/postgresql@18 -D_XOPEN_SOURCE -D_DARWIN_C_SOURCE -D_DARWIN_UNLIMITED_SELECT -D_REENTRANT    -g -Os -pipe -DHAVE_GCC_ATOMIC_BUILTINS -fno-typed-memory-operations -fno-typed-cxx-new-delete -DUSE_FFI_CLOSURE_ALLOC conftest.c  -L. -L/System/Library/Frameworks/Ruby.framework/Versions/2.6/usr/lib -L/opt/homebrew/lib/postgresql@18 -L. -L/AppleInternal/Library/BuildRoots/4~CB3uugBQxypsiyQCrI82QcTPBCns7_J7YMudMGY/Applications/Xcode.app/Contents/Developer/Platforms/MacOSX.platform/Developer/SDKs/MacOSX26.2.Internal.sdk/usr/local/lib -Wl,-rpath,/opt/homebrew/lib/postgresql@18    -lpq  -lruby.2.6 -lpq   "
ld: warning: ignoring duplicate libraries: '-lpq'
ld: warning: search path '/AppleInternal/Library/BuildRoots/4~CB3uugBQxypsiyQCrI82QcTPBCns7_J7YMudMGY/Applications/Xcode.app/Contents/Developer/Platforms/MacOSX.platform/Developer/SDKs/MacOSX26.2.Internal.sdk/usr/local/lib' not found
checked program was:
/* begin */
 1: #include "ruby.h"
 2: 
 3: /*top*/
 4: extern int t(void);
 5: int main(int argc, char **argv)
 6: {
 7:   if (argc > 1000000) {
 8:     int (* volatile tp)(void)=(int (*)(void))&t;
 9:     printf("%d", (*tp)());
10:   }
11: 
12:   return 0;
13: }
14: extern void PQsslAttribute();
15: int t(void) { PQsslAttribute(); return 0; }
/* end */

--------------------

have_func: checking for PQresultVerboseErrorMessage()... -------------------- yes

"xcrun clang -o conftest -I/Library/Developer/CommandLineTools/SDKs/MacOSX.sdk/System/Library/Frameworks/Ruby.framework/Versions/2.6/usr/include/ruby-2.6.0/universal-darwin25 -I/Library/Developer/CommandLineTools/SDKs/MacOSX.sdk/System/Library/Frameworks/Ruby.framework/Versions/2.6/usr/include/ruby-2.6.0/ruby/backward -I/Library/Developer/CommandLineTools/SDKs/MacOSX.sdk/System/Library/Frameworks/Ruby.framework/Versions/2.6/usr/include/ruby-2.6.0 -I. -I/opt/homebrew/include/postgresql@18 -D_XOPEN_SOURCE -D_DARWIN_C_SOURCE -D_DARWIN_UNLIMITED_SELECT -D_REENTRANT    -g -Os -pipe -DHAVE_GCC_ATOMIC_BUILTINS -fno-typed-memory-operations -fno-typed-cxx-new-delete -DUSE_FFI_CLOSURE_ALLOC conftest.c  -L. -L/System/Library/Frameworks/Ruby.framework/Versions/2.6/usr/lib -L/opt/homebrew/lib/postgresql@18 -L. -L/AppleInternal/Library/BuildRoots/4~CB3uugBQxypsiyQCrI82QcTPBCns7_J7YMudMGY/Applications/Xcode.app/Contents/Developer/Platforms/MacOSX.platform/Developer/SDKs/MacOSX26.2.Internal.sdk/usr/local/lib -Wl,-rpath,/opt/homebrew/lib/postgresql@18    -lpq  -lruby.2.6 -lpq   "
conftest.c:14:57: error: use of undeclared identifier 'PQresultVerboseErrorMessage'
   14 | int t(void) { void ((*volatile p)()); p = (void ((*)()))PQresultVerboseErrorMessage; return !p; }
      |                                                         ^~~~~~~~~~~~~~~~~~~~~~~~~~~
1 error generated.
checked program was:
/* begin */
 1: #include "ruby.h"
 2: 
 3: /*top*/
 4: extern int t(void);
 5: int main(int argc, char **argv)
 6: {
 7:   if (argc > 1000000) {
 8:     int (* volatile tp)(void)=(int (*)(void))&t;
 9:     printf("%d", (*tp)());
10:   }
11: 
12:   return 0;
13: }
14: int t(void) { void ((*volatile p)()); p = (void ((*)()))PQresultVerboseErrorMessage; return !p; }
/* end */

"xcrun clang -o conftest -I/Library/Developer/CommandLineTools/SDKs/MacOSX.sdk/System/Library/Frameworks/Ruby.framework/Versions/2.6/usr/include/ruby-2.6.0/universal-darwin25 -I/Library/Developer/CommandLineTools/SDKs/MacOSX.sdk/System/Library/Frameworks/Ruby.framework/Versions/2.6/usr/include/ruby-2.6.0/ruby/backward -I/Library/Developer/CommandLineTools/SDKs/MacOSX.sdk/System/Library/Frameworks/Ruby.framework/Versions/2.6/usr/include/ruby-2.6.0 -I. -I/opt/homebrew/include/postgresql@18 -D_XOPEN_SOURCE -D_DARWIN_C_SOURCE -D_DARWIN_UNLIMITED_SELECT -D_REENTRANT    -g -Os -pipe -DHAVE_GCC_ATOMIC_BUILTINS -fno-typed-memory-operations -fno-typed-cxx-new-delete -DUSE_FFI_CLOSURE_ALLOC conftest.c  -L. -L/System/Library/Frameworks/Ruby.framework/Versions/2.6/usr/lib -L/opt/homebrew/lib/postgresql@18 -L. -L/AppleInternal/Library/BuildRoots/4~CB3uugBQxypsiyQCrI82QcTPBCns7_J7YMudMGY/Applications/Xcode.app/Contents/Developer/Platforms/MacOSX.platform/Developer/SDKs/MacOSX26.2.Internal.sdk/usr/local/lib -Wl,-rpath,/opt/homebrew/lib/postgresql@18    -lpq  -lruby.2.6 -lpq   "
ld: warning: ignoring duplicate libraries: '-lpq'
ld: warning: search path '/AppleInternal/Library/BuildRoots/4~CB3uugBQxypsiyQCrI82QcTPBCns7_J7YMudMGY/Applications/Xcode.app/Contents/Developer/Platforms/MacOSX.platform/Developer/SDKs/MacOSX26.2.Internal.sdk/usr/local/lib' not found
checked program was:
/* begin */
 1: #include "ruby.h"
 2: 
 3: /*top*/
 4: extern int t(void);
 5: int main(int argc, char **argv)
 6: {
 7:   if (argc > 1000000) {
 8:     int (* volatile tp)(void)=(int (*)(void))&t;
 9:     printf("%d", (*tp)());
10:   }
11: 
12:   return 0;
13: }
14: extern void PQresultVerboseErrorMessage();
15: int t(void) { PQresultVerboseErrorMessage(); return 0; }
/* end */

--------------------

have_func: checking for PQencryptPasswordConn()... -------------------- yes

"xcrun clang -o conftest -I/Library/Developer/CommandLineTools/SDKs/MacOSX.sdk/System/Library/Frameworks/Ruby.framework/Versions/2.6/usr/include/ruby-2.6.0/universal-darwin25 -I/Library/Developer/CommandLineTools/SDKs/MacOSX.sdk/System/Library/Frameworks/Ruby.framework/Versions/2.6/usr/include/ruby-2.6.0/ruby/backward -I/Library/Developer/CommandLineTools/SDKs/MacOSX.sdk/System/Library/Frameworks/Ruby.framework/Versions/2.6/usr/include/ruby-2.6.0 -I. -I/opt/homebrew/include/postgresql@18 -D_XOPEN_SOURCE -D_DARWIN_C_SOURCE -D_DARWIN_UNLIMITED_SELECT -D_REENTRANT    -g -Os -pipe -DHAVE_GCC_ATOMIC_BUILTINS -fno-typed-memory-operations -fno-typed-cxx-new-delete -DUSE_FFI_CLOSURE_ALLOC conftest.c  -L. -L/System/Library/Frameworks/Ruby.framework/Versions/2.6/usr/lib -L/opt/homebrew/lib/postgresql@18 -L. -L/AppleInternal/Library/BuildRoots/4~CB3uugBQxypsiyQCrI82QcTPBCns7_J7YMudMGY/Applications/Xcode.app/Contents/Developer/Platforms/MacOSX.platform/Developer/SDKs/MacOSX26.2.Internal.sdk/usr/local/lib -Wl,-rpath,/opt/homebrew/lib/postgresql@18    -lpq  -lruby.2.6 -lpq   "
conftest.c:14:57: error: use of undeclared identifier 'PQencryptPasswordConn'
   14 | int t(void) { void ((*volatile p)()); p = (void ((*)()))PQencryptPasswordConn; return !p; }
      |                                                         ^~~~~~~~~~~~~~~~~~~~~
1 error generated.
checked program was:
/* begin */
 1: #include "ruby.h"
 2: 
 3: /*top*/
 4: extern int t(void);
 5: int main(int argc, char **argv)
 6: {
 7:   if (argc > 1000000) {
 8:     int (* volatile tp)(void)=(int (*)(void))&t;
 9:     printf("%d", (*tp)());
10:   }
11: 
12:   return 0;
13: }
14: int t(void) { void ((*volatile p)()); p = (void ((*)()))PQencryptPasswordConn; return !p; }
/* end */

"xcrun clang -o conftest -I/Library/Developer/CommandLineTools/SDKs/MacOSX.sdk/System/Library/Frameworks/Ruby.framework/Versions/2.6/usr/include/ruby-2.6.0/universal-darwin25 -I/Library/Developer/CommandLineTools/SDKs/MacOSX.sdk/System/Library/Frameworks/Ruby.framework/Versions/2.6/usr/include/ruby-2.6.0/ruby/backward -I/Library/Developer/CommandLineTools/SDKs/MacOSX.sdk/System/Library/Frameworks/Ruby.framework/Versions/2.6/usr/include/ruby-2.6.0 -I. -I/opt/homebrew/include/postgresql@18 -D_XOPEN_SOURCE -D_DARWIN_C_SOURCE -D_DARWIN_UNLIMITED_SELECT -D_REENTRANT    -g -Os -pipe -DHAVE_GCC_ATOMIC_BUILTINS -fno-typed-memory-operations -fno-typed-cxx-new-delete -DUSE_FFI_CLOSURE_ALLOC conftest.c  -L. -L/System/Library/Frameworks/Ruby.framework/Versions/2.6/usr/lib -L/opt/homebrew/lib/postgresql@18 -L. -L/AppleInternal/Library/BuildRoots/4~CB3uugBQxypsiyQCrI82QcTPBCns7_J7YMudMGY/Applications/Xcode.app/Contents/Developer/Platforms/MacOSX.platform/Developer/SDKs/MacOSX26.2.Internal.sdk/usr/local/lib -Wl,-rpath,/opt/homebrew/lib/postgresql@18    -lpq  -lruby.2.6 -lpq   "
ld: warning: ignoring duplicate libraries: '-lpq'
ld: warning: search path '/AppleInternal/Library/BuildRoots/4~CB3uugBQxypsiyQCrI82QcTPBCns7_J7YMudMGY/Applications/Xcode.app/Contents/Developer/Platforms/MacOSX.platform/Developer/SDKs/MacOSX26.2.Internal.sdk/usr/local/lib' not found
checked program was:
/* begin */
 1: #include "ruby.h"
 2: 
 3: /*top*/
 4: extern int t(void);
 5: int main(int argc, char **argv)
 6: {
 7:   if (argc > 1000000) {
 8:     int (* volatile tp)(void)=(int (*)(void))&t;
 9:     printf("%d", (*tp)());
10:   }
11: 
12:   return 0;
13: }
14: extern void PQencryptPasswordConn();
15: int t(void) { PQencryptPasswordConn(); return 0; }
/* end */

--------------------

have_func: checking for PQresultMemorySize()... -------------------- yes

"xcrun clang -o conftest -I/Library/Developer/CommandLineTools/SDKs/MacOSX.sdk/System/Library/Frameworks/Ruby.framework/Versions/2.6/usr/include/ruby-2.6.0/universal-darwin25 -I/Library/Developer/CommandLineTools/SDKs/MacOSX.sdk/System/Library/Frameworks/Ruby.framework/Versions/2.6/usr/include/ruby-2.6.0/ruby/backward -I/Library/Developer/CommandLineTools/SDKs/MacOSX.sdk/System/Library/Frameworks/Ruby.framework/Versions/2.6/usr/include/ruby-2.6.0 -I. -I/opt/homebrew/include/postgresql@18 -D_XOPEN_SOURCE -D_DARWIN_C_SOURCE -D_DARWIN_UNLIMITED_SELECT -D_REENTRANT    -g -Os -pipe -DHAVE_GCC_ATOMIC_BUILTINS -fno-typed-memory-operations -fno-typed-cxx-new-delete -DUSE_FFI_CLOSURE_ALLOC conftest.c  -L. -L/System/Library/Frameworks/Ruby.framework/Versions/2.6/usr/lib -L/opt/homebrew/lib/postgresql@18 -L. -L/AppleInternal/Library/BuildRoots/4~CB3uugBQxypsiyQCrI82QcTPBCns7_J7YMudMGY/Applications/Xcode.app/Contents/Developer/Platforms/MacOSX.platform/Developer/SDKs/MacOSX26.2.Internal.sdk/usr/local/lib -Wl,-rpath,/opt/homebrew/lib/postgresql@18    -lpq  -lruby.2.6 -lpq   "
conftest.c:14:57: error: use of undeclared identifier 'PQresultMemorySize'
   14 | int t(void) { void ((*volatile p)()); p = (void ((*)()))PQresultMemorySize; return !p; }
      |                                                         ^~~~~~~~~~~~~~~~~~
1 error generated.
checked program was:
/* begin */
 1: #include "ruby.h"
 2: 
 3: /*top*/
 4: extern int t(void);
 5: int main(int argc, char **argv)
 6: {
 7:   if (argc > 1000000) {
 8:     int (* volatile tp)(void)=(int (*)(void))&t;
 9:     printf("%d", (*tp)());
10:   }
11: 
12:   return 0;
13: }
14: int t(void) { void ((*volatile p)()); p = (void ((*)()))PQresultMemorySize; return !p; }
/* end */

"xcrun clang -o conftest -I/Library/Developer/CommandLineTools/SDKs/MacOSX.sdk/System/Library/Frameworks/Ruby.framework/Versions/2.6/usr/include/ruby-2.6.0/universal-darwin25 -I/Library/Developer/CommandLineTools/SDKs/MacOSX.sdk/System/Library/Frameworks/Ruby.framework/Versions/2.6/usr/include/ruby-2.6.0/ruby/backward -I/Library/Developer/CommandLineTools/SDKs/MacOSX.sdk/System/Library/Frameworks/Ruby.framework/Versions/2.6/usr/include/ruby-2.6.0 -I. -I/opt/homebrew/include/postgresql@18 -D_XOPEN_SOURCE -D_DARWIN_C_SOURCE -D_DARWIN_UNLIMITED_SELECT -D_REENTRANT    -g -Os -pipe -DHAVE_GCC_ATOMIC_BUILTINS -fno-typed-memory-operations -fno-typed-cxx-new-delete -DUSE_FFI_CLOSURE_ALLOC conftest.c  -L. -L/System/Library/Frameworks/Ruby.framework/Versions/2.6/usr/lib -L/opt/homebrew/lib/postgresql@18 -L. -L/AppleInternal/Library/BuildRoots/4~CB3uugBQxypsiyQCrI82QcTPBCns7_J7YMudMGY/Applications/Xcode.app/Contents/Developer/Platforms/MacOSX.platform/Developer/SDKs/MacOSX26.2.Internal.sdk/usr/local/lib -Wl,-rpath,/opt/homebrew/lib/postgresql@18    -lpq  -lruby.2.6 -lpq   "
ld: warning: ignoring duplicate libraries: '-lpq'
ld: warning: search path '/AppleInternal/Library/BuildRoots/4~CB3uugBQxypsiyQCrI82QcTPBCns7_J7YMudMGY/Applications/Xcode.app/Contents/Developer/Platforms/MacOSX.platform/Developer/SDKs/MacOSX26.2.Internal.sdk/usr/local/lib' not found
checked program was:
/* begin */
 1: #include "ruby.h"
 2: 
 3: /*top*/
 4: extern int t(void);
 5: int main(int argc, char **argv)
 6: {
 7:   if (argc > 1000000) {
 8:     int (* volatile tp)(void)=(int (*)(void))&t;
 9:     printf("%d", (*tp)());
10:   }
11: 
12:   return 0;
13: }
14: extern void PQresultMemorySize();
15: int t(void) { PQresultMemorySize(); return 0; }
/* end */

--------------------

have_func: checking for timegm()... -------------------- yes

"xcrun clang -o conftest -I/Library/Developer/CommandLineTools/SDKs/MacOSX.sdk/System/Library/Frameworks/Ruby.framework/Versions/2.6/usr/include/ruby-2.6.0/universal-darwin25 -I/Library/Developer/CommandLineTools/SDKs/MacOSX.sdk/System/Library/Frameworks/Ruby.framework/Versions/2.6/usr/include/ruby-2.6.0/ruby/backward -I/Library/Developer/CommandLineTools/SDKs/MacOSX.sdk/System/Library/Frameworks/Ruby.framework/Versions/2.6/usr/include/ruby-2.6.0 -I. -I/opt/homebrew/include/postgresql@18 -D_XOPEN_SOURCE -D_DARWIN_C_SOURCE -D_DARWIN_UNLIMITED_SELECT -D_REENTRANT    -g -Os -pipe -DHAVE_GCC_ATOMIC_BUILTINS -fno-typed-memory-operations -fno-typed-cxx-new-delete -DUSE_FFI_CLOSURE_ALLOC conftest.c  -L. -L/System/Library/Frameworks/Ruby.framework/Versions/2.6/usr/lib -L/opt/homebrew/lib/postgresql@18 -L. -L/AppleInternal/Library/BuildRoots/4~CB3uugBQxypsiyQCrI82QcTPBCns7_J7YMudMGY/Applications/Xcode.app/Contents/Developer/Platforms/MacOSX.platform/Developer/SDKs/MacOSX26.2.Internal.sdk/usr/local/lib -Wl,-rpath,/opt/homebrew/lib/postgresql@18    -lpq  -lruby.2.6 -lpq   "
conftest.c:14:57: error: use of undeclared identifier 'timegm'; did you mean 'time_t'?
   14 | int t(void) { void ((*volatile p)()); p = (void ((*)()))timegm; return !p; }
      |                                                         ^~~~~~
/Library/Developer/CommandLineTools/SDKs/MacOSX.sdk/usr/include/sys/_types/_time_t.h:31:33: note: 'time_t' declared here
   31 | typedef __darwin_time_t         time_t;
      |                                 ^
1 error generated.
checked program was:
/* begin */
 1: #include "ruby.h"
 2: 
 3: /*top*/
 4: extern int t(void);
 5: int main(int argc, char **argv)
 6: {
 7:   if (argc > 1000000) {
 8:     int (* volatile tp)(void)=(int (*)(void))&t;
 9:     printf("%d", (*tp)());
10:   }
11: 
12:   return 0;
13: }
14: int t(void) { void ((*volatile p)()); p = (void ((*)()))timegm; return !p; }
/* end */

"xcrun clang -o conftest -I/Library/Developer/CommandLineTools/SDKs/MacOSX.sdk/System/Library/Frameworks/Ruby.framework/Versions/2.6/usr/include/ruby-2.6.0/universal-darwin25 -I/Library/Developer/CommandLineTools/SDKs/MacOSX.sdk/System/Library/Frameworks/Ruby.framework/Versions/2.6/usr/include/ruby-2.6.0/ruby/backward -I/Library/Developer/CommandLineTools/SDKs/MacOSX.sdk/System/Library/Frameworks/Ruby.framework/Versions/2.6/usr/include/ruby-2.6.0 -I. -I/opt/homebrew/include/postgresql@18 -D_XOPEN_SOURCE -D_DARWIN_C_SOURCE -D_DARWIN_UNLIMITED_SELECT -D_REENTRANT    -g -Os -pipe -DHAVE_GCC_ATOMIC_BUILTINS -fno-typed-memory-operations -fno-typed-cxx-new-delete -DUSE_FFI_CLOSURE_ALLOC conftest.c  -L. -L/System/Library/Frameworks/Ruby.framework/Versions/2.6/usr/lib -L/opt/homebrew/lib/postgresql@18 -L. -L/AppleInternal/Library/BuildRoots/4~CB3uugBQxypsiyQCrI82QcTPBCns7_J7YMudMGY/Applications/Xcode.app/Contents/Developer/Platforms/MacOSX.platform/Developer/SDKs/MacOSX26.2.Internal.sdk/usr/local/lib -Wl,-rpath,/opt/homebrew/lib/postgresql@18    -lpq  -lruby.2.6 -lpq   "
ld: warning: ignoring duplicate libraries: '-lpq'
ld: warning: search path '/AppleInternal/Library/BuildRoots/4~CB3uugBQxypsiyQCrI82QcTPBCns7_J7YMudMGY/Applications/Xcode.app/Contents/Developer/Platforms/MacOSX.platform/Developer/SDKs/MacOSX26.2.Internal.sdk/usr/local/lib' not found
checked program was:
/* begin */
 1: #include "ruby.h"
 2: 
 3: /*top*/
 4: extern int t(void);
 5: int main(int argc, char **argv)
 6: {
 7:   if (argc > 1000000) {
 8:     int (* volatile tp)(void)=(int (*)(void))&t;
 9:     printf("%d", (*tp)());
10:   }
11: 
12:   return 0;
13: }
14: extern void timegm();
15: int t(void) { timegm(); return 0; }
/* end */

--------------------

have_func: checking for rb_gc_adjust_memory_usage()... -------------------- yes

"xcrun clang -o conftest -I/Library/Developer/CommandLineTools/SDKs/MacOSX.sdk/System/Library/Frameworks/Ruby.framework/Versions/2.6/usr/include/ruby-2.6.0/universal-darwin25 -I/Library/Developer/CommandLineTools/SDKs/MacOSX.sdk/System/Library/Frameworks/Ruby.framework/Versions/2.6/usr/include/ruby-2.6.0/ruby/backward -I/Library/Developer/CommandLineTools/SDKs/MacOSX.sdk/System/Library/Frameworks/Ruby.framework/Versions/2.6/usr/include/ruby-2.6.0 -I. -I/opt/homebrew/include/postgresql@18 -D_XOPEN_SOURCE -D_DARWIN_C_SOURCE -D_DARWIN_UNLIMITED_SELECT -D_REENTRANT    -g -Os -pipe -DHAVE_GCC_ATOMIC_BUILTINS -fno-typed-memory-operations -fno-typed-cxx-new-delete -DUSE_FFI_CLOSURE_ALLOC conftest.c  -L. -L/System/Library/Frameworks/Ruby.framework/Versions/2.6/usr/lib -L/opt/homebrew/lib/postgresql@18 -L. -L/AppleInternal/Library/BuildRoots/4~CB3uugBQxypsiyQCrI82QcTPBCns7_J7YMudMGY/Applications/Xcode.app/Contents/Developer/Platforms/MacOSX.platform/Developer/SDKs/MacOSX26.2.Internal.sdk/usr/local/lib -Wl,-rpath,/opt/homebrew/lib/postgresql@18    -lpq  -lruby.2.6 -lpq   "
ld: warning: ignoring duplicate libraries: '-lpq'
ld: warning: search path '/AppleInternal/Library/BuildRoots/4~CB3uugBQxypsiyQCrI82QcTPBCns7_J7YMudMGY/Applications/Xcode.app/Contents/Developer/Platforms/MacOSX.platform/Developer/SDKs/MacOSX26.2.Internal.sdk/usr/local/lib' not found
checked program was:
/* begin */
 1: #include "ruby.h"
 2: 
 3: /*top*/
 4: extern int t(void);
 5: int main(int argc, char **argv)
 6: {
 7:   if (argc > 1000000) {
 8:     int (* volatile tp)(void)=(int (*)(void))&t;
 9:     printf("%d", (*tp)());
10:   }
11: 
12:   return 0;
13: }
14: int t(void) { void ((*volatile p)()); p = (void ((*)()))rb_gc_adjust_memory_usage; return !p; }
/* end */

--------------------

have_header: checking for unistd.h... -------------------- yes

"xcrun clang -I/Library/Developer/CommandLineTools/SDKs/MacOSX.sdk/System/Library/Frameworks/Ruby.framework/Versions/2.6/usr/include/ruby-2.6.0/universal-darwin25 -I/Library/Developer/CommandLineTools/SDKs/MacOSX.sdk/System/Library/Frameworks/Ruby.framework/Versions/2.6/usr/include/ruby-2.6.0/ruby/backward -I/Library/Developer/CommandLineTools/SDKs/MacOSX.sdk/System/Library/Frameworks/Ruby.framework/Versions/2.6/usr/include/ruby-2.6.0 -I. -I/opt/homebrew/include/postgresql@18 -D_XOPEN_SOURCE -D_DARWIN_C_SOURCE -D_DARWIN_UNLIMITED_SELECT -D_REENTRANT    -g -Os -pipe -DHAVE_GCC_ATOMIC_BUILTINS -fno-typed-memory-operations -fno-typed-cxx-new-delete -DUSE_FFI_CLOSURE_ALLOC   -c conftest.c"
checked program was:
/* begin */
1: #include "ruby.h"
2: 
3: #include <unistd.h>
/* end */

--------------------

have_header: checking for inttypes.h... -------------------- yes

"xcrun clang -I/Library/Developer/CommandLineTools/SDKs/MacOSX.sdk/System/Library/Frameworks/Ruby.framework/Versions/2.6/usr/include/ruby-2.6.0/universal-darwin25 -I/Library/Developer/CommandLineTools/SDKs/MacOSX.sdk/System/Library/Frameworks/Ruby.framework/Versions/2.6/usr/include/ruby-2.6.0/ruby/backward -I/Library/Developer/CommandLineTools/SDKs/MacOSX.sdk/System/Library/Frameworks/Ruby.framework/Versions/2.6/usr/include/ruby-2.6.0 -I. -I/opt/homebrew/include/postgresql@18 -D_XOPEN_SOURCE -D_DARWIN_C_SOURCE -D_DARWIN_UNLIMITED_SELECT -D_REENTRANT    -g -Os -pipe -DHAVE_GCC_ATOMIC_BUILTINS -fno-typed-memory-operations -fno-typed-cxx-new-delete -DUSE_FFI_CLOSURE_ALLOC   -c conftest.c"
checked program was:
/* begin */
1: #include "ruby.h"
2: 
3: #include <inttypes.h>
/* end */

--------------------

checking for C99 variable length arrays... -------------------- yes

"xcrun clang -I/Library/Developer/CommandLineTools/SDKs/MacOSX.sdk/System/Library/Frameworks/Ruby.framework/Versions/2.6/usr/include/ruby-2.6.0/universal-darwin25 -I/Library/Developer/CommandLineTools/SDKs/MacOSX.sdk/System/Library/Frameworks/Ruby.framework/Versions/2.6/usr/include/ruby-2.6.0/ruby/backward -I/Library/Developer/CommandLineTools/SDKs/MacOSX.sdk/System/Library/Frameworks/Ruby.framework/Versions/2.6/usr/include/ruby-2.6.0 -I. -I/opt/homebrew/include/postgresql@18 -D_XOPEN_SOURCE -D_DARWIN_C_SOURCE -D_DARWIN_UNLIMITED_SELECT -D_REENTRANT    -g -Os -pipe -DHAVE_GCC_ATOMIC_BUILTINS -fno-typed-memory-operations -fno-typed-cxx-new-delete -DUSE_FFI_CLOSURE_ALLOC   -c conftest.c"
checked program was:
/* begin */
1: #include "ruby.h"
2: 
3: void test_vla(int l){ int vla[l]; }
/* end */

--------------------

extconf.h is:
/* begin */
 1: #ifndef EXTCONF_H
 2: #define EXTCONF_H
 3: #define HAVE_PQSETSINGLEROWMODE 1
 4: #define HAVE_PQCONNINFO 1
 5: #define HAVE_PQSSLATTRIBUTE 1
 6: #define HAVE_PQRESULTVERBOSEERRORMESSAGE 1
 7: #define HAVE_PQENCRYPTPASSWORDCONN 1
 8: #define HAVE_PQRESULTMEMORYSIZE 1
 9: #define HAVE_TIMEGM 1
10: #define HAVE_RB_GC_ADJUST_MEMORY_USAGE 1
11: #define HAVE_UNISTD_H 1
12: #define HAVE_INTTYPES_H 1
13: #define HAVE_VARIABLE_LENGTH_ARRAYS 1
14: #endif
/* end */

