find_header: checking for prism.h in /Users/restaronesolutionsaiassistant/Documents/violet_rails/vendor/bundle/ruby/3.2.0/gems/prism-1.9.0/include... -------------------- yes

DYLD_FALLBACK_LIBRARY_PATH=.:/Users/restaronesolutionsaiassistant/.rbenv/versions/3.2.0/lib "clang -o conftest -I/Users/restaronesolutionsaiassistant/.rbenv/versions/3.2.0/include/ruby-3.2.0/arm64-darwin25 -I/Users/restaronesolutionsaiassistant/.rbenv/versions/3.2.0/include/ruby-3.2.0/ruby/backward -I/Users/restaronesolutionsaiassistant/.rbenv/versions/3.2.0/include/ruby-3.2.0 -I. -I/opt/homebrew/opt/gmp/include -D_XOPEN_SOURCE -D_DARWIN_C_SOURCE -D_DARWIN_UNLIMITED_SELECT -D_REENTRANT   -fdeclspec -O3 -fno-fast-math -ggdb3 -Wall -Wextra -Wextra-tokens -Wdeprecated-declarations -Wdivision-by-zero -Wdiv-by-zero -Wimplicit-function-declaration -Wimplicit-int -Wmisleading-indentation -Wpointer-arith -Wshorten-64-to-32 -Wwrite-strings -Wold-style-definition -Wmissing-noreturn -Wno-cast-function-type -Wno-constant-logical-operand -Wno-long-long -Wno-missing-field-initializers -Wno-overlength-strings -Wno-parentheses-equality -Wno-self-assign -Wno-tautological-compare -Wno-unused-parameter -Wno-unused-value -Wunused-variable -Wundef  -fno-common -pipe conftest.c  -L. -L/Users/restaronesolutionsaiassistant/.rbenv/versions/3.2.0/lib -L. -fstack-protector-strong -L/opt/homebrew/opt/gmp/lib     -lruby.3.2  -lpthread  "
In file included from conftest.c:1:
In file included from /Users/restaronesolutionsaiassistant/.rbenv/versions/3.2.0/include/ruby-3.2.0/ruby.h:38:
In file included from /Users/restaronesolutionsaiassistant/.rbenv/versions/3.2.0/include/ruby-3.2.0/ruby/ruby.h:28:
In file included from /Users/restaronesolutionsaiassistant/.rbenv/versions/3.2.0/include/ruby-3.2.0/ruby/internal/arithmetic.h:24:
In file included from /Users/restaronesolutionsaiassistant/.rbenv/versions/3.2.0/include/ruby-3.2.0/ruby/internal/arithmetic/char.h:29:
/Users/restaronesolutionsaiassistant/.rbenv/versions/3.2.0/include/ruby-3.2.0/ruby/internal/core/rstring.h:465:24: warning: default initialization of an object of type 'struct RString' with const member leaves the object uninitialized [-Wdefault-const-init-field-unsafe]
  465 |         struct RString retval;
      |                        ^
/Users/restaronesolutionsaiassistant/.rbenv/versions/3.2.0/include/ruby-3.2.0/ruby/internal/core/rbasic.h:88:17: note: member 'klass' declared 'const' here
   88 |     const VALUE klass;
      |                 ^
1 warning generated.
checked program was:
/* begin */
1: #include "ruby.h"
2: 
3: int main(int argc, char **argv)
4: {
5:   return !!argv[argc];
6: }
/* end */

DYLD_FALLBACK_LIBRARY_PATH=.:/Users/restaronesolutionsaiassistant/.rbenv/versions/3.2.0/lib "clang -I/Users/restaronesolutionsaiassistant/.rbenv/versions/3.2.0/include/ruby-3.2.0/arm64-darwin25 -I/Users/restaronesolutionsaiassistant/.rbenv/versions/3.2.0/include/ruby-3.2.0/ruby/backward -I/Users/restaronesolutionsaiassistant/.rbenv/versions/3.2.0/include/ruby-3.2.0 -I. -I/opt/homebrew/opt/gmp/include -D_XOPEN_SOURCE -D_DARWIN_C_SOURCE -D_DARWIN_UNLIMITED_SELECT -D_REENTRANT   -fdeclspec -O3 -fno-fast-math -ggdb3 -Wall -Wextra -Wextra-tokens -Wdeprecated-declarations -Wdivision-by-zero -Wdiv-by-zero -Wimplicit-function-declaration -Wimplicit-int -Wmisleading-indentation -Wpointer-arith -Wshorten-64-to-32 -Wwrite-strings -Wold-style-definition -Wmissing-noreturn -Wno-cast-function-type -Wno-constant-logical-operand -Wno-long-long -Wno-missing-field-initializers -Wno-overlength-strings -Wno-parentheses-equality -Wno-self-assign -Wno-tautological-compare -Wno-unused-parameter -Wno-unused-value -Wunused-variable -Wundef  -fno-common -pipe   -c conftest.c"
In file included from conftest.c:1:
In file included from /Users/restaronesolutionsaiassistant/.rbenv/versions/3.2.0/include/ruby-3.2.0/ruby.h:38:
In file included from /Users/restaronesolutionsaiassistant/.rbenv/versions/3.2.0/include/ruby-3.2.0/ruby/ruby.h:28:
In file included from /Users/restaronesolutionsaiassistant/.rbenv/versions/3.2.0/include/ruby-3.2.0/ruby/internal/arithmetic.h:24:
In file included from /Users/restaronesolutionsaiassistant/.rbenv/versions/3.2.0/include/ruby-3.2.0/ruby/internal/arithmetic/char.h:29:
/Users/restaronesolutionsaiassistant/.rbenv/versions/3.2.0/include/ruby-3.2.0/ruby/internal/core/rstring.h:465:24: warning: default initialization of an object of type 'struct RString' with const member leaves the object uninitialized [-Wdefault-const-init-field-unsafe]
  465 |         struct RString retval;
      |                        ^
/Users/restaronesolutionsaiassistant/.rbenv/versions/3.2.0/include/ruby-3.2.0/ruby/internal/core/rbasic.h:88:17: note: member 'klass' declared 'const' here
   88 |     const VALUE klass;
      |                 ^
conftest.c:3:10: fatal error: 'prism.h' file not found
    3 | #include <prism.h>
      |          ^~~~~~~~~
1 warning and 1 error generated.
checked program was:
/* begin */
1: #include "ruby.h"
2: 
3: #include <prism.h>
/* end */

DYLD_FALLBACK_LIBRARY_PATH=.:/Users/restaronesolutionsaiassistant/.rbenv/versions/3.2.0/lib "clang -I/Users/restaronesolutionsaiassistant/.rbenv/versions/3.2.0/include/ruby-3.2.0/arm64-darwin25 -I/Users/restaronesolutionsaiassistant/.rbenv/versions/3.2.0/include/ruby-3.2.0/ruby/backward -I/Users/restaronesolutionsaiassistant/.rbenv/versions/3.2.0/include/ruby-3.2.0 -I. -I/opt/homebrew/opt/gmp/include -D_XOPEN_SOURCE -D_DARWIN_C_SOURCE -D_DARWIN_UNLIMITED_SELECT -D_REENTRANT   -fdeclspec -O3 -fno-fast-math -ggdb3 -Wall -Wextra -Wextra-tokens -Wdeprecated-declarations -Wdivision-by-zero -Wdiv-by-zero -Wimplicit-function-declaration -Wimplicit-int -Wmisleading-indentation -Wpointer-arith -Wshorten-64-to-32 -Wwrite-strings -Wold-style-definition -Wmissing-noreturn -Wno-cast-function-type -Wno-constant-logical-operand -Wno-long-long -Wno-missing-field-initializers -Wno-overlength-strings -Wno-parentheses-equality -Wno-self-assign -Wno-tautological-compare -Wno-unused-parameter -Wno-unused-value -Wunused-variable -Wundef  -fno-common -pipe  -I/Users/restaronesolutionsaiassistant/Documents/violet_rails/vendor/bundle/ruby/3.2.0/gems/prism-1.9.0/include -c conftest.c"
In file included from conftest.c:1:
In file included from /Users/restaronesolutionsaiassistant/.rbenv/versions/3.2.0/include/ruby-3.2.0/ruby.h:38:
In file included from /Users/restaronesolutionsaiassistant/.rbenv/versions/3.2.0/include/ruby-3.2.0/ruby/ruby.h:28:
In file included from /Users/restaronesolutionsaiassistant/.rbenv/versions/3.2.0/include/ruby-3.2.0/ruby/internal/arithmetic.h:24:
In file included from /Users/restaronesolutionsaiassistant/.rbenv/versions/3.2.0/include/ruby-3.2.0/ruby/internal/arithmetic/char.h:29:
/Users/restaronesolutionsaiassistant/.rbenv/versions/3.2.0/include/ruby-3.2.0/ruby/internal/core/rstring.h:465:24: warning: default initialization of an object of type 'struct RString' with const member leaves the object uninitialized [-Wdefault-const-init-field-unsafe]
  465 |         struct RString retval;
      |                        ^
/Users/restaronesolutionsaiassistant/.rbenv/versions/3.2.0/include/ruby-3.2.0/ruby/internal/core/rbasic.h:88:17: note: member 'klass' declared 'const' here
   88 |     const VALUE klass;
      |                 ^
1 warning generated.
checked program was:
/* begin */
1: #include "ruby.h"
2: 
3: #include <prism.h>
/* end */

--------------------

find_header: checking for prism/extension.h in /Users/restaronesolutionsaiassistant/Documents/violet_rails/vendor/bundle/ruby/3.2.0/gems/prism-1.9.0/ext... -------------------- yes

DYLD_FALLBACK_LIBRARY_PATH=.:/Users/restaronesolutionsaiassistant/.rbenv/versions/3.2.0/lib "clang -I/Users/restaronesolutionsaiassistant/.rbenv/versions/3.2.0/include/ruby-3.2.0/arm64-darwin25 -I/Users/restaronesolutionsaiassistant/.rbenv/versions/3.2.0/include/ruby-3.2.0/ruby/backward -I/Users/restaronesolutionsaiassistant/.rbenv/versions/3.2.0/include/ruby-3.2.0 -I. -I/Users/restaronesolutionsaiassistant/Documents/violet_rails/vendor/bundle/ruby/3.2.0/gems/prism-1.9.0/include -I/opt/homebrew/opt/gmp/include -D_XOPEN_SOURCE -D_DARWIN_C_SOURCE -D_DARWIN_UNLIMITED_SELECT -D_REENTRANT   -fdeclspec -O3 -fno-fast-math -ggdb3 -Wall -Wextra -Wextra-tokens -Wdeprecated-declarations -Wdivision-by-zero -Wdiv-by-zero -Wimplicit-function-declaration -Wimplicit-int -Wmisleading-indentation -Wpointer-arith -Wshorten-64-to-32 -Wwrite-strings -Wold-style-definition -Wmissing-noreturn -Wno-cast-function-type -Wno-constant-logical-operand -Wno-long-long -Wno-missing-field-initializers -Wno-overlength-strings -Wno-parentheses-equality -Wno-self-assign -Wno-tautological-compare -Wno-unused-parameter -Wno-unused-value -Wunused-variable -Wundef  -fno-common -pipe   -c conftest.c"
In file included from conftest.c:1:
In file included from /Users/restaronesolutionsaiassistant/.rbenv/versions/3.2.0/include/ruby-3.2.0/ruby.h:38:
In file included from /Users/restaronesolutionsaiassistant/.rbenv/versions/3.2.0/include/ruby-3.2.0/ruby/ruby.h:28:
In file included from /Users/restaronesolutionsaiassistant/.rbenv/versions/3.2.0/include/ruby-3.2.0/ruby/internal/arithmetic.h:24:
In file included from /Users/restaronesolutionsaiassistant/.rbenv/versions/3.2.0/include/ruby-3.2.0/ruby/internal/arithmetic/char.h:29:
/Users/restaronesolutionsaiassistant/.rbenv/versions/3.2.0/include/ruby-3.2.0/ruby/internal/core/rstring.h:465:24: warning: default initialization of an object of type 'struct RString' with const member leaves the object uninitialized [-Wdefault-const-init-field-unsafe]
  465 |         struct RString retval;
      |                        ^
/Users/restaronesolutionsaiassistant/.rbenv/versions/3.2.0/include/ruby-3.2.0/ruby/internal/core/rbasic.h:88:17: note: member 'klass' declared 'const' here
   88 |     const VALUE klass;
      |                 ^
conftest.c:3:10: fatal error: 'prism/extension.h' file not found
    3 | #include <prism/extension.h>
      |          ^~~~~~~~~~~~~~~~~~~
1 warning and 1 error generated.
checked program was:
/* begin */
1: #include "ruby.h"
2: 
3: #include <prism/extension.h>
/* end */

DYLD_FALLBACK_LIBRARY_PATH=.:/Users/restaronesolutionsaiassistant/.rbenv/versions/3.2.0/lib "clang -I/Users/restaronesolutionsaiassistant/.rbenv/versions/3.2.0/include/ruby-3.2.0/arm64-darwin25 -I/Users/restaronesolutionsaiassistant/.rbenv/versions/3.2.0/include/ruby-3.2.0/ruby/backward -I/Users/restaronesolutionsaiassistant/.rbenv/versions/3.2.0/include/ruby-3.2.0 -I. -I/Users/restaronesolutionsaiassistant/Documents/violet_rails/vendor/bundle/ruby/3.2.0/gems/prism-1.9.0/include -I/opt/homebrew/opt/gmp/include -D_XOPEN_SOURCE -D_DARWIN_C_SOURCE -D_DARWIN_UNLIMITED_SELECT -D_REENTRANT   -fdeclspec -O3 -fno-fast-math -ggdb3 -Wall -Wextra -Wextra-tokens -Wdeprecated-declarations -Wdivision-by-zero -Wdiv-by-zero -Wimplicit-function-declaration -Wimplicit-int -Wmisleading-indentation -Wpointer-arith -Wshorten-64-to-32 -Wwrite-strings -Wold-style-definition -Wmissing-noreturn -Wno-cast-function-type -Wno-constant-logical-operand -Wno-long-long -Wno-missing-field-initializers -Wno-overlength-strings -Wno-parentheses-equality -Wno-self-assign -Wno-tautological-compare -Wno-unused-parameter -Wno-unused-value -Wunused-variable -Wundef  -fno-common -pipe  -I/Users/restaronesolutionsaiassistant/Documents/violet_rails/vendor/bundle/ruby/3.2.0/gems/prism-1.9.0/ext -c conftest.c"
In file included from conftest.c:1:
In file included from /Users/restaronesolutionsaiassistant/.rbenv/versions/3.2.0/include/ruby-3.2.0/ruby.h:38:
In file included from /Users/restaronesolutionsaiassistant/.rbenv/versions/3.2.0/include/ruby-3.2.0/ruby/ruby.h:28:
In file included from /Users/restaronesolutionsaiassistant/.rbenv/versions/3.2.0/include/ruby-3.2.0/ruby/internal/arithmetic.h:24:
In file included from /Users/restaronesolutionsaiassistant/.rbenv/versions/3.2.0/include/ruby-3.2.0/ruby/internal/arithmetic/char.h:29:
/Users/restaronesolutionsaiassistant/.rbenv/versions/3.2.0/include/ruby-3.2.0/ruby/internal/core/rstring.h:465:24: warning: default initialization of an object of type 'struct RString' with const member leaves the object uninitialized [-Wdefault-const-init-field-unsafe]
  465 |         struct RString retval;
      |                        ^
/Users/restaronesolutionsaiassistant/.rbenv/versions/3.2.0/include/ruby-3.2.0/ruby/internal/core/rbasic.h:88:17: note: member 'klass' declared 'const' here
   88 |     const VALUE klass;
      |                 ^
1 warning generated.
checked program was:
/* begin */
1: #include "ruby.h"
2: 
3: #include <prism/extension.h>
/* end */

--------------------

block in append_cflags: checking for whether -fvisibility=hidden is accepted as CFLAGS... -------------------- no

DYLD_FALLBACK_LIBRARY_PATH=.:/Users/restaronesolutionsaiassistant/.rbenv/versions/3.2.0/lib "clang -I/Users/restaronesolutionsaiassistant/.rbenv/versions/3.2.0/include/ruby-3.2.0/arm64-darwin25 -I/Users/restaronesolutionsaiassistant/.rbenv/versions/3.2.0/include/ruby-3.2.0/ruby/backward -I/Users/restaronesolutionsaiassistant/.rbenv/versions/3.2.0/include/ruby-3.2.0 -I. -I/Users/restaronesolutionsaiassistant/Documents/violet_rails/vendor/bundle/ruby/3.2.0/gems/prism-1.9.0/include -I/Users/restaronesolutionsaiassistant/Documents/violet_rails/vendor/bundle/ruby/3.2.0/gems/prism-1.9.0/ext -I/opt/homebrew/opt/gmp/include -D_XOPEN_SOURCE -D_DARWIN_C_SOURCE -D_DARWIN_UNLIMITED_SELECT -D_REENTRANT   -fdeclspec -O3 -fno-fast-math -ggdb3 -Wall -Wextra -Wextra-tokens -Wdeprecated-declarations -Wdivision-by-zero -Wdiv-by-zero -Wimplicit-function-declaration -Wimplicit-int -Wmisleading-indentation -Wpointer-arith -Wshorten-64-to-32 -Wwrite-strings -Wold-style-definition -Wmissing-noreturn -Wno-cast-function-type -Wno-constant-logical-operand -Wno-long-long -Wno-missing-field-initializers -Wno-overlength-strings -Wno-parentheses-equality -Wno-self-assign -Wno-tautological-compare -Wno-unused-parameter -Wno-unused-value -Wunused-variable -Wundef  -fno-common -pipe  -fvisibility=hidden -Werror -c conftest.c"
In file included from conftest.c:1:
In file included from /Users/restaronesolutionsaiassistant/.rbenv/versions/3.2.0/include/ruby-3.2.0/ruby.h:38:
In file included from /Users/restaronesolutionsaiassistant/.rbenv/versions/3.2.0/include/ruby-3.2.0/ruby/ruby.h:28:
In file included from /Users/restaronesolutionsaiassistant/.rbenv/versions/3.2.0/include/ruby-3.2.0/ruby/internal/arithmetic.h:24:
In file included from /Users/restaronesolutionsaiassistant/.rbenv/versions/3.2.0/include/ruby-3.2.0/ruby/internal/arithmetic/char.h:29:
/Users/restaronesolutionsaiassistant/.rbenv/versions/3.2.0/include/ruby-3.2.0/ruby/internal/core/rstring.h:465:24: error: default initialization of an object of type 'struct RString' with const member leaves the object uninitialized [-Werror,-Wdefault-const-init-field-unsafe]
  465 |         struct RString retval;
      |                        ^
/Users/restaronesolutionsaiassistant/.rbenv/versions/3.2.0/include/ruby-3.2.0/ruby/internal/core/rbasic.h:88:17: note: member 'klass' declared 'const' here
   88 |     const VALUE klass;
      |                 ^
1 error generated.
checked program was:
/* begin */
1: #include "ruby.h"
2: 
3: int main(int argc, char **argv)
4: {
5:   return !!argv[argc];
6: }
/* end */

--------------------

